// Vitest Snapshot v1

exports[`mount component 1`] = `
"<div hideheader=\\"false\\">
  <table class=\\"table\\">
    <table-header-stub columns=\\"[object Object],[object Object],[object Object],[object Object]\\" sortparams=\\"[object Object]\\" changesort=\\"(field, direct) => {
      props.sortParams.field = field;
      props.sortParams.direction = direct;
    }\\" class=\\"table-header\\"></table-header-stub>
    <tbody class=\\"table-body\\">
      <tr class=\\"table-tr tr0\\" mark=\\"row0\\">
        <td>0</td>
        <td>a</td>
        <td>male</td>
        <td>12</td>
      </tr>
      <tr class=\\"table-tr tr1\\" mark=\\"row1\\">
        <td>1</td>
        <td>b</td>
        <td>female</td>
        <td>64</td>
      </tr>
      <tr class=\\"table-tr tr2\\" mark=\\"row2\\">
        <td>2</td>
        <td>c</td>
        <td>male</td>
        <td>5</td>
      </tr>
      <tr class=\\"table-tr tr3\\" mark=\\"row3\\">
        <td>3</td>
        <td>d</td>
        <td>female</td>
        <td>21</td>
      </tr>
      <tr class=\\"table-tr tr4\\" mark=\\"row4\\">
        <td>4</td>
        <td>e</td>
        <td>female</td>
        <td>75</td>
      </tr>
      <tr class=\\"table-tr tr5\\" mark=\\"row5\\">
        <td>5</td>
        <td>f</td>
        <td>male</td>
        <td>25</td>
      </tr>
      <tr class=\\"table-tr tr6\\" mark=\\"row6\\">
        <td>6</td>
        <td>g</td>
        <td>male</td>
        <td>42</td>
      </tr>
      <tr class=\\"table-tr tr7\\" mark=\\"row8\\">
        <td>8</td>
        <td>h</td>
        <td>female</td>
        <td>13</td>
      </tr>
      <tr class=\\"table-tr tr8\\" mark=\\"row9\\">
        <td>9</td>
        <td>wv</td>
        <td>female</td>
        <td>56</td>
      </tr>
      <tr class=\\"table-tr tr9\\" mark=\\"row10\\">
        <td>10</td>
        <td>ki</td>
        <td>male</td>
        <td>76</td>
      </tr>
    </tbody>
  </table>
  <table-pagination-stub alldata=\\"[object Object],[object Object],[object Object],[object Object],[object Object],[object Object],[object Object],[object Object],[object Object],[object Object],[object Object],[object Object],[object Object],[object Object],[object Object],[object Object],[object Object],[object Object],[object Object],[object Object],[object Object],[object Object],[object Object],[object Object],[object Object],[object Object],[object Object],[object Object],[object Object],[object Object],[object Object],[object Object],[object Object]\\" pagelimit=\\"10\\" changedata=\\"function (start, end) {
      tableData.value = allData.value.slice(start, end);
    }\\" pagejump=\\"1\\"></table-pagination-stub>
</div>"
`;
